Copyright 1986-2016 Xilinx, Inc. All Rights Reserved.
-------------------------------------------------------------------------------------------------------------------------------
| Tool Version     : Vivado v.2016.4 (lin64) Build 1733598 Wed Dec 14 22:35:42 MST 2016
| Date             : Fri Jun 16 09:29:17 2017
| Host             : toshiba running 64-bit Ubuntu 14.04.5 LTS
| Command          : report_power -file fft_power_routed.rpt -pb fft_power_summary_routed.pb -rpx fft_power_routed.rpx
| Design           : fft
| Device           : xc7z020clg484-1
| Design State     : routed
| Grade            : commercial
| Process          : typical
| Characterization : Production
-------------------------------------------------------------------------------------------------------------------------------

Power Report

Table of Contents
-----------------
1. Summary
1.1 On-Chip Components
1.2 Power Supply Summary
1.3 Confidence Level
2. Settings
2.1 Environment
2.2 Clock Constraints
3. Detailed Reports
3.1 By Hierarchy

1. Summary
----------

+--------------------------+--------+
| Total On-Chip Power (W)  | 0.212  |
| Dynamic (W)              | 0.092  |
| Device Static (W)        | 0.119  |
| Effective TJA (C/W)      | 11.5   |
| Max Ambient (C)          | 82.6   |
| Junction Temperature (C) | 27.4   |
| Confidence Level         | Medium |
| Setting File             | ---    |
| Simulation Activity File | ---    |
| Design Nets Matched      | NA     |
+--------------------------+--------+


1.1 On-Chip Components
----------------------

+-------------------------+-----------+----------+-----------+-----------------+
| On-Chip                 | Power (W) | Used     | Available | Utilization (%) |
+-------------------------+-----------+----------+-----------+-----------------+
| Clocks                  |     0.019 |        3 |       --- |             --- |
| Slice Logic             |     0.013 |     8631 |       --- |             --- |
|   LUT as Logic          |     0.012 |     3544 |     53200 |            6.66 |
|   Register              |    <0.001 |     3351 |    106400 |            3.15 |
|   CARRY4                |    <0.001 |      355 |     13300 |            2.67 |
|   LUT as Shift Register |    <0.001 |       30 |     17400 |            0.17 |
|   F7/F8 Muxes           |    <0.001 |       28 |     53200 |            0.05 |
|   Others                |     0.000 |      735 |       --- |             --- |
| Signals                 |     0.026 |     9505 |       --- |             --- |
| DSPs                    |     0.034 |       56 |       220 |           25.45 |
| Static Power            |     0.119 |          |           |                 |
| Total                   |     0.212 |          |           |                 |
+-------------------------+-----------+----------+-----------+-----------------+


1.2 Power Supply Summary
------------------------

+-----------+-------------+-----------+-------------+------------+
| Source    | Voltage (V) | Total (A) | Dynamic (A) | Static (A) |
+-----------+-------------+-----------+-------------+------------+
| Vccint    |       1.000 |     0.100 |       0.092 |      0.008 |
| Vccaux    |       1.800 |     0.019 |       0.000 |      0.019 |
| Vcco33    |       3.300 |     0.000 |       0.000 |      0.000 |
| Vcco25    |       2.500 |     0.000 |       0.000 |      0.000 |
| Vcco18    |       1.800 |     0.000 |       0.000 |      0.000 |
| Vcco15    |       1.500 |     0.000 |       0.000 |      0.000 |
| Vcco135   |       1.350 |     0.000 |       0.000 |      0.000 |
| Vcco12    |       1.200 |     0.000 |       0.000 |      0.000 |
| Vccaux_io |       1.800 |     0.000 |       0.000 |      0.000 |
| Vccbram   |       1.000 |     0.000 |       0.000 |      0.000 |
| MGTAVcc   |       1.000 |     0.000 |       0.000 |      0.000 |
| MGTAVtt   |       1.200 |     0.000 |       0.000 |      0.000 |
| MGTVccaux |       1.800 |     0.000 |       0.000 |      0.000 |
| Vccpint   |       1.000 |     0.017 |       0.000 |      0.017 |
| Vccpaux   |       1.800 |     0.010 |       0.000 |      0.010 |
| Vccpll    |       1.800 |     0.003 |       0.000 |      0.003 |
| Vcco_ddr  |       1.500 |     0.000 |       0.000 |      0.000 |
| Vcco_mio0 |       1.800 |     0.000 |       0.000 |      0.000 |
| Vcco_mio1 |       1.800 |     0.000 |       0.000 |      0.000 |
| Vccadc    |       1.800 |     0.020 |       0.000 |      0.020 |
+-----------+-------------+-----------+-------------+------------+


1.3 Confidence Level
--------------------

+-----------------------------+------------+------------------------------------------------+------------------------------------------------------------------------------------------------------------+
| User Input Data             | Confidence | Details                                        | Action                                                                                                     |
+-----------------------------+------------+------------------------------------------------+------------------------------------------------------------------------------------------------------------+
| Design implementation state | High       | Design is routed                               |                                                                                                            |
| Clock nodes activity        | High       | User specified more than 95% of clocks         |                                                                                                            |
| I/O nodes activity          | High       | User specified more than 95% of inputs         |                                                                                                            |
| Internal nodes activity     | Medium     | User specified less than 25% of internal nodes | Provide missing internal nodes activity with simulation results or by editing the "By Resource Type" views |
| Device models               | High       | Device models are Production                   |                                                                                                            |
|                             |            |                                                |                                                                                                            |
| Overall confidence level    | Medium     |                                                |                                                                                                            |
+-----------------------------+------------+------------------------------------------------+------------------------------------------------------------------------------------------------------------+


2. Settings
-----------

2.1 Environment
---------------

+-----------------------+------------------------+
| Ambient Temp (C)      | 25.0                   |
| ThetaJA (C/W)         | 11.5                   |
| Airflow (LFM)         | 250                    |
| Heat Sink             | none                   |
| ThetaSA (C/W)         | 0.0                    |
| Board Selection       | medium (10"x10")       |
| # of Board Layers     | 8to11 (8 to 11 Layers) |
| Board Temperature (C) | 25.0                   |
+-----------------------+------------------------+


2.2 Clock Constraints
---------------------

+--------+--------+-----------------+
| Clock  | Domain | Constraint (ns) |
+--------+--------+-----------------+
| ap_clk | ap_clk |            10.0 |
+--------+--------+-----------------+


3. Detailed Reports
-------------------

3.1 By Hierarchy
----------------

+---------------------------------------------------------------+-----------+
| Name                                                          | Power (W) |
+---------------------------------------------------------------+-----------+
| fft                                                           |     0.092 |
|   fft_dadd_64ns_64ncud_U3                                     |     0.007 |
|     fft_ap_dadd_3_full_dsp_64_u                               |     0.006 |
|       U0                                                      |     0.006 |
|         i_synth                                               |     0.006 |
|           ADDSUB_OP.ADDSUB                                    |     0.006 |
|             SPEED_OP.LOGIC.OP                                 |     0.006 |
|               ALIGN_BLK                                       |     0.001 |
|                 ALIGN_SHIFT                                   |    <0.001 |
|                   ALIGN_Z_D                                   |    <0.001 |
|                     EQ_ZERO                                   |    <0.001 |
|                       CARRY_ZERO_DET                          |    <0.001 |
|                 FRAC_ADDSUB                                   |    <0.001 |
|                   DSP_ADD.FRAC_ADDSUB                         |    <0.001 |
|                     DSP48E1_ADD.DSP48E1_ADD                   |    <0.001 |
|                     DSP48E1_GEN.DSP48E1_DEL                   |    <0.001 |
|                     LOGIC_ADD.ADD_0                           |    <0.001 |
|                     LOGIC_ADD.ADD_1                           |    <0.001 |
|                 ZERO_DEL                                      |    <0.001 |
|                   i_pipe                                      |    <0.001 |
|               ALIGN_DIST_0_DEL                                |    <0.001 |
|                 i_pipe                                        |    <0.001 |
|               A_IP_DELAY                                      |     0.001 |
|                 i_pipe                                        |     0.001 |
|               B_IP_DELAY                                      |    <0.001 |
|                 i_pipe                                        |    <0.001 |
|               EXP                                             |     0.002 |
|                 A_EXP_DELAY                                   |    <0.001 |
|                   i_pipe                                      |    <0.001 |
|                 A_SIGN_DELAY                                  |    <0.001 |
|                   i_pipe                                      |    <0.001 |
|                 BMA_EXP_DELAY                                 |    <0.001 |
|                   i_pipe                                      |    <0.001 |
|                 B_EXP_DELAY                                   |    <0.001 |
|                   i_pipe                                      |    <0.001 |
|                 B_SIGN_DELAY                                  |    <0.001 |
|                   i_pipe                                      |    <0.001 |
|                 CANCELLATION_DELAY                            |    <0.001 |
|                   i_pipe                                      |    <0.001 |
|                 COND_DET_A                                    |    <0.001 |
|                   EXP_DET_LUT.EXP_ALL_ONE_DEL                 |    <0.001 |
|                     i_pipe                                    |    <0.001 |
|                   EXP_DET_LUT.EXP_ALL_ZERO_DEL                |    <0.001 |
|                     i_pipe                                    |    <0.001 |
|                   MANT_CARRY.MANT_ALL_ZERO_DET                |    <0.001 |
|                     CARRY_ZERO_DET                            |    <0.001 |
|                 COND_DET_B                                    |    <0.001 |
|                   EXP_DET_LUT.EXP_ALL_ONE_DEL                 |    <0.001 |
|                     i_pipe                                    |    <0.001 |
|                   EXP_DET_LUT.EXP_ALL_ZERO_DEL                |    <0.001 |
|                     i_pipe                                    |    <0.001 |
|                   MANT_CARRY.MANT_ALL_ZERO_DET                |    <0.001 |
|                     CARRY_ZERO_DET                            |    <0.001 |
|                 DET_SIGN_DELAY                                |    <0.001 |
|                   i_pipe                                      |    <0.001 |
|                 EXP_OFF.LRG_EXP_DELAY                         |    <0.001 |
|                   i_pipe                                      |    <0.001 |
|                 EXP_OFF.LRG_OVER_NORMAL.LRG_ALMOST_OVER_DELAY |    <0.001 |
|                   i_pipe                                      |    <0.001 |
|                 EXP_OFF.STRUCT_ADD                            |    <0.001 |
|                 NORMAL_NORM_DIST.ADD_MANT_DELAY               |    <0.001 |
|                   i_pipe                                      |    <0.001 |
|                 NUMB_CMP                                      |    <0.001 |
|                   FAST_CMP.CMP_BOT                            |    <0.001 |
|                     C_CHAIN                                   |    <0.001 |
|                   FAST_CMP.CMP_EQ_TOP                         |    <0.001 |
|                     WIDE_AND                                  |    <0.001 |
|                   FAST_CMP.CMP_TOP                            |    <0.001 |
|                     C_CHAIN                                   |    <0.001 |
|                 STATE_DELAY                                   |    <0.001 |
|                   i_pipe                                      |    <0.001 |
|                 SUB_DELAY                                     |    <0.001 |
|                   i_pipe                                      |    <0.001 |
|               NORM                                            |     0.001 |
|                 LZE                                           |    <0.001 |
|                   ENCODE[0].DIST_DEL                          |    <0.001 |
|                     i_pipe                                    |    <0.001 |
|                   ENCODE[1].DIST_DEL                          |    <0.001 |
|                     i_pipe                                    |    <0.001 |
|                   TWO.DIST_DEL                                |    <0.001 |
|                     i_pipe                                    |    <0.001 |
|                   ZERO_DET_CC_1                               |    <0.001 |
|                   ZERO_DET_CC_2.CC                            |    <0.001 |
|                 NORM_SHIFT                                    |    <0.001 |
|                   MUX_LOOP[2].DEL_SHIFT                       |    <0.001 |
|                     i_pipe                                    |    <0.001 |
|                 ROUND                                         |    <0.001 |
|                   DSP48_E1.DSP48E1_ADD.DSP48E1_ADD            |    <0.001 |
|                   DSP48_E1.DSP_LOGIC_ADDERS.RND_0             |    <0.001 |
|                   DSP48_E1.DSP_LOGIC_ADDERS.RND_1             |    <0.001 |
|                   RND_BIT_GEN                                 |    <0.001 |
|                     NORM_1_OR_0.STRUCT_REQ.SPECIAL.RND_CHAIN  |    <0.001 |
|                 ZEROS_DELAY                                   |    <0.001 |
|                   i_pipe                                      |    <0.001 |
|   fft_dadddsub_64nsbkb_U1                                     |     0.012 |
|     fft_ap_dadddsub_3_full_dsp_64_u                           |     0.011 |
|       U0                                                      |     0.011 |
|         i_synth                                               |     0.011 |
|           ADDSUB_OP.ADDSUB                                    |     0.011 |
|             SPEED_OP.LOGIC.OP                                 |     0.011 |
|               ALIGN_BLK                                       |     0.002 |
|                 ALIGN_SHIFT                                   |    <0.001 |
|                   ALIGN_Z_D                                   |    <0.001 |
|                     EQ_ZERO                                   |    <0.001 |
|                       CARRY_ZERO_DET                          |    <0.001 |
|                 FRAC_ADDSUB                                   |     0.002 |
|                   DSP_ADD.FRAC_ADDSUB                         |     0.002 |
|                     DSP48E1_ADD.DSP48E1_ADD                   |     0.002 |
|                     DSP48E1_GEN.DSP48E1_DEL                   |    <0.001 |
|                     LOGIC_ADD.ADD_0                           |    <0.001 |
|                     LOGIC_ADD.ADD_1                           |    <0.001 |
|                 ZERO_DEL                                      |    <0.001 |
|                   i_pipe                                      |    <0.001 |
|               ALIGN_DIST_0_DEL                                |    <0.001 |
|                 i_pipe                                        |    <0.001 |
|               A_IP_DELAY                                      |     0.002 |
|                 i_pipe                                        |     0.002 |
|               B_IP_DELAY                                      |    <0.001 |
|                 i_pipe                                        |    <0.001 |
|               EXP                                             |     0.003 |
|                 A_EXP_DELAY                                   |    <0.001 |
|                   i_pipe                                      |    <0.001 |
|                 A_SIGN_DELAY                                  |    <0.001 |
|                   i_pipe                                      |    <0.001 |
|                 BMA_EXP_DELAY                                 |     0.001 |
|                   i_pipe                                      |     0.001 |
|                 B_EXP_DELAY                                   |    <0.001 |
|                   i_pipe                                      |    <0.001 |
|                 B_SIGN_DELAY                                  |    <0.001 |
|                   i_pipe                                      |    <0.001 |
|                 CANCELLATION_DELAY                            |    <0.001 |
|                   i_pipe                                      |    <0.001 |
|                 COND_DET_A                                    |    <0.001 |
|                   EXP_DET_LUT.EXP_ALL_ONE_DEL                 |    <0.001 |
|                     i_pipe                                    |    <0.001 |
|                   EXP_DET_LUT.EXP_ALL_ZERO_DEL                |    <0.001 |
|                     i_pipe                                    |    <0.001 |
|                   MANT_CARRY.MANT_ALL_ZERO_DET                |    <0.001 |
|                     CARRY_ZERO_DET                            |    <0.001 |
|                 COND_DET_B                                    |    <0.001 |
|                   EXP_DET_LUT.EXP_ALL_ONE_DEL                 |    <0.001 |
|                     i_pipe                                    |    <0.001 |
|                   EXP_DET_LUT.EXP_ALL_ZERO_DEL                |    <0.001 |
|                     i_pipe                                    |    <0.001 |
|                   MANT_CARRY.MANT_ALL_ZERO_DET                |    <0.001 |
|                     CARRY_ZERO_DET                            |    <0.001 |
|                 DET_SIGN_DELAY                                |    <0.001 |
|                   i_pipe                                      |    <0.001 |
|                 EXP_OFF.LRG_EXP_DELAY                         |    <0.001 |
|                   i_pipe                                      |    <0.001 |
|                 EXP_OFF.LRG_OVER_NORMAL.LRG_ALMOST_OVER_DELAY |    <0.001 |
|                   i_pipe                                      |    <0.001 |
|                 EXP_OFF.STRUCT_ADD                            |    <0.001 |
|                 NORMAL_NORM_DIST.ADD_MANT_DELAY               |    <0.001 |
|                   i_pipe                                      |    <0.001 |
|                 NUMB_CMP                                      |    <0.001 |
|                   FAST_CMP.CMP_BOT                            |    <0.001 |
|                     C_CHAIN                                   |    <0.001 |
|                   FAST_CMP.CMP_EQ_TOP                         |    <0.001 |
|                     WIDE_AND                                  |    <0.001 |
|                   FAST_CMP.CMP_TOP                            |    <0.001 |
|                     C_CHAIN                                   |    <0.001 |
|                 STATE_DELAY                                   |    <0.001 |
|                   i_pipe                                      |    <0.001 |
|                 SUB_DELAY                                     |    <0.001 |
|                   i_pipe                                      |    <0.001 |
|               NORM                                            |     0.002 |
|                 LZE                                           |    <0.001 |
|                   ENCODE[0].DIST_DEL                          |    <0.001 |
|                     i_pipe                                    |    <0.001 |
|                   ENCODE[1].DIST_DEL                          |    <0.001 |
|                     i_pipe                                    |    <0.001 |
|                   TWO.DIST_DEL                                |    <0.001 |
|                     i_pipe                                    |    <0.001 |
|                   ZERO_DET_CC_1                               |    <0.001 |
|                   ZERO_DET_CC_2.CC                            |    <0.001 |
|                 NORM_SHIFT                                    |    <0.001 |
|                   MUX_LOOP[2].DEL_SHIFT                       |    <0.001 |
|                     i_pipe                                    |    <0.001 |
|                 ROUND                                         |    <0.001 |
|                   DSP48_E1.DSP48E1_ADD.DSP48E1_ADD            |    <0.001 |
|                   DSP48_E1.DSP_LOGIC_ADDERS.RND_0             |    <0.001 |
|                   DSP48_E1.DSP_LOGIC_ADDERS.RND_1             |    <0.001 |
|                   RND_BIT_GEN                                 |    <0.001 |
|                     NORM_1_OR_0.STRUCT_REQ.SPECIAL.RND_CHAIN  |    <0.001 |
|                 ZEROS_DELAY                                   |    <0.001 |
|                   i_pipe                                      |    <0.001 |
|   fft_dadddsub_64nsbkb_U2                                     |     0.012 |
|     fft_ap_dadddsub_3_full_dsp_64_u                           |     0.011 |
|       U0                                                      |     0.011 |
|         i_synth                                               |     0.011 |
|           ADDSUB_OP.ADDSUB                                    |     0.011 |
|             SPEED_OP.LOGIC.OP                                 |     0.011 |
|               ALIGN_BLK                                       |     0.002 |
|                 ALIGN_SHIFT                                   |    <0.001 |
|                   ALIGN_Z_D                                   |    <0.001 |
|                     EQ_ZERO                                   |    <0.001 |
|                       CARRY_ZERO_DET                          |    <0.001 |
|                 FRAC_ADDSUB                                   |     0.002 |
|                   DSP_ADD.FRAC_ADDSUB                         |     0.002 |
|                     DSP48E1_ADD.DSP48E1_ADD                   |     0.002 |
|                     DSP48E1_GEN.DSP48E1_DEL                   |    <0.001 |
|                     LOGIC_ADD.ADD_0                           |    <0.001 |
|                     LOGIC_ADD.ADD_1                           |    <0.001 |
|                 ZERO_DEL                                      |    <0.001 |
|                   i_pipe                                      |    <0.001 |
|               ALIGN_DIST_0_DEL                                |    <0.001 |
|                 i_pipe                                        |    <0.001 |
|               A_IP_DELAY                                      |     0.002 |
|                 i_pipe                                        |     0.002 |
|               B_IP_DELAY                                      |    <0.001 |
|                 i_pipe                                        |    <0.001 |
|               EXP                                             |     0.003 |
|                 A_EXP_DELAY                                   |    <0.001 |
|                   i_pipe                                      |    <0.001 |
|                 A_SIGN_DELAY                                  |    <0.001 |
|                   i_pipe                                      |    <0.001 |
|                 BMA_EXP_DELAY                                 |     0.001 |
|                   i_pipe                                      |     0.001 |
|                 B_EXP_DELAY                                   |    <0.001 |
|                   i_pipe                                      |    <0.001 |
|                 B_SIGN_DELAY                                  |    <0.001 |
|                   i_pipe                                      |    <0.001 |
|                 CANCELLATION_DELAY                            |    <0.001 |
|                   i_pipe                                      |    <0.001 |
|                 COND_DET_A                                    |    <0.001 |
|                   EXP_DET_LUT.EXP_ALL_ONE_DEL                 |    <0.001 |
|                     i_pipe                                    |    <0.001 |
|                   EXP_DET_LUT.EXP_ALL_ZERO_DEL                |    <0.001 |
|                     i_pipe                                    |    <0.001 |
|                   MANT_CARRY.MANT_ALL_ZERO_DET                |    <0.001 |
|                     CARRY_ZERO_DET                            |    <0.001 |
|                 COND_DET_B                                    |    <0.001 |
|                   EXP_DET_LUT.EXP_ALL_ONE_DEL                 |    <0.001 |
|                     i_pipe                                    |    <0.001 |
|                   EXP_DET_LUT.EXP_ALL_ZERO_DEL                |    <0.001 |
|                     i_pipe                                    |    <0.001 |
|                   MANT_CARRY.MANT_ALL_ZERO_DET                |    <0.001 |
|                     CARRY_ZERO_DET                            |    <0.001 |
|                 DET_SIGN_DELAY                                |    <0.001 |
|                   i_pipe                                      |    <0.001 |
|                 EXP_OFF.LRG_EXP_DELAY                         |    <0.001 |
|                   i_pipe                                      |    <0.001 |
|                 EXP_OFF.LRG_OVER_NORMAL.LRG_ALMOST_OVER_DELAY |    <0.001 |
|                   i_pipe                                      |    <0.001 |
|                 EXP_OFF.STRUCT_ADD                            |    <0.001 |
|                 NORMAL_NORM_DIST.ADD_MANT_DELAY               |    <0.001 |
|                   i_pipe                                      |    <0.001 |
|                 NUMB_CMP                                      |    <0.001 |
|                   FAST_CMP.CMP_BOT                            |    <0.001 |
|                     C_CHAIN                                   |    <0.001 |
|                   FAST_CMP.CMP_EQ_TOP                         |    <0.001 |
|                     WIDE_AND                                  |    <0.001 |
|                   FAST_CMP.CMP_TOP                            |    <0.001 |
|                     C_CHAIN                                   |    <0.001 |
|                 STATE_DELAY                                   |    <0.001 |
|                   i_pipe                                      |    <0.001 |
|                 SUB_DELAY                                     |    <0.001 |
|                   i_pipe                                      |    <0.001 |
|               NORM                                            |     0.002 |
|                 LZE                                           |    <0.001 |
|                   ENCODE[0].DIST_DEL                          |    <0.001 |
|                     i_pipe                                    |    <0.001 |
|                   ENCODE[1].DIST_DEL                          |    <0.001 |
|                     i_pipe                                    |    <0.001 |
|                   TWO.DIST_DEL                                |    <0.001 |
|                     i_pipe                                    |    <0.001 |
|                   ZERO_DET_CC_1                               |    <0.001 |
|                   ZERO_DET_CC_2.CC                            |    <0.001 |
|                 NORM_SHIFT                                    |    <0.001 |
|                   MUX_LOOP[2].DEL_SHIFT                       |    <0.001 |
|                     i_pipe                                    |    <0.001 |
|                 ROUND                                         |    <0.001 |
|                   DSP48_E1.DSP48E1_ADD.DSP48E1_ADD            |    <0.001 |
|                   DSP48_E1.DSP_LOGIC_ADDERS.RND_0             |    <0.001 |
|                   DSP48_E1.DSP_LOGIC_ADDERS.RND_1             |    <0.001 |
|                   RND_BIT_GEN                                 |    <0.001 |
|                     NORM_1_OR_0.STRUCT_REQ.SPECIAL.RND_CHAIN  |    <0.001 |
|                 ZEROS_DELAY                                   |    <0.001 |
|                   i_pipe                                      |    <0.001 |
|   fft_dmul_64ns_64neOg_U5                                     |     0.012 |
|     fft_ap_dmul_4_max_dsp_64_u                                |     0.011 |
|       U0                                                      |     0.011 |
|         i_synth                                               |     0.011 |
|           MULT.OP                                             |     0.011 |
|             EXP                                               |    <0.001 |
|               COND_DET_A                                      |    <0.001 |
|                 MANT_CARRY.MANT_ALL_ZERO_DET                  |    <0.001 |
|                   CARRY_ZERO_DET                              |    <0.001 |
|               COND_DET_B                                      |    <0.001 |
|                 MANT_CARRY.MANT_ALL_ZERO_DET                  |    <0.001 |
|                   CARRY_ZERO_DET                              |    <0.001 |
|               EXP_ADD.C_CHAIN                                 |    <0.001 |
|               EXP_PRE_RND_DEL                                 |    <0.001 |
|                 i_pipe                                        |    <0.001 |
|               IP_SIGN_DELAY                                   |    <0.001 |
|                 i_pipe                                        |    <0.001 |
|               SIG_DELAY                                       |    <0.001 |
|                 i_pipe                                        |    <0.001 |
|               STATE_DELAY                                     |    <0.001 |
|                 i_pipe                                        |    <0.001 |
|             MULT                                              |     0.009 |
|               DSP48E1_SPD_DBL_VARIANT.FIX_MULT                |     0.009 |
|                 DSP0                                          |    <0.001 |
|                 DSP1                                          |    <0.001 |
|                 DSP2                                          |    <0.001 |
|                 DSP3                                          |    <0.001 |
|                 DSP4                                          |    <0.001 |
|                 DSP5                                          |    <0.001 |
|                 DSP6                                          |    <0.001 |
|                 DSP7                                          |    <0.001 |
|                 DSP8                                          |    <0.001 |
|                 FULL_MAX_USAGE.DSP9                           |     0.002 |
|                 P_0_DEL                                       |    <0.001 |
|                   i_pipe                                      |    <0.001 |
|                 P_1_DEL                                       |    <0.001 |
|                   i_pipe                                      |    <0.001 |
|                 ZD0_DEL                                       |    <0.001 |
|                   i_pipe                                      |    <0.001 |
|                 ZD1_DEL                                       |    <0.001 |
|                   i_pipe                                      |    <0.001 |
|                 ZD2_DEL                                       |    <0.001 |
|                   i_pipe                                      |    <0.001 |
|             OP                                                |    <0.001 |
|             R_AND_R                                           |     0.001 |
|               LOGIC.R_AND_R                                   |     0.001 |
|                 DSP48_E1.DSP48E1_ADD.DSP48E1_ADD              |    <0.001 |
|                 DSP48_E1.DSP_LOGIC_ADDERS.RND_0               |    <0.001 |
|                 DSP48_E1.DSP_LOGIC_ADDERS.RND_1               |    <0.001 |
|                 RND_BIT_GEN                                   |    <0.001 |
|                   NORM_1_OR_0.STRUCT_REQ.GENERAL.RND1         |    <0.001 |
|   fft_dmul_64ns_64neOg_U6                                     |     0.012 |
|     fft_ap_dmul_4_max_dsp_64_u                                |     0.012 |
|       U0                                                      |     0.012 |
|         i_synth                                               |     0.012 |
|           MULT.OP                                             |     0.012 |
|             EXP                                               |    <0.001 |
|               COND_DET_A                                      |    <0.001 |
|                 MANT_CARRY.MANT_ALL_ZERO_DET                  |    <0.001 |
|                   CARRY_ZERO_DET                              |    <0.001 |
|               COND_DET_B                                      |    <0.001 |
|                 MANT_CARRY.MANT_ALL_ZERO_DET                  |    <0.001 |
|                   CARRY_ZERO_DET                              |    <0.001 |
|               EXP_ADD.C_CHAIN                                 |    <0.001 |
|               EXP_PRE_RND_DEL                                 |    <0.001 |
|                 i_pipe                                        |    <0.001 |
|               IP_SIGN_DELAY                                   |    <0.001 |
|                 i_pipe                                        |    <0.001 |
|               SIG_DELAY                                       |    <0.001 |
|                 i_pipe                                        |    <0.001 |
|               STATE_DELAY                                     |    <0.001 |
|                 i_pipe                                        |    <0.001 |
|             MULT                                              |     0.009 |
|               DSP48E1_SPD_DBL_VARIANT.FIX_MULT                |     0.009 |
|                 DSP0                                          |    <0.001 |
|                 DSP1                                          |    <0.001 |
|                 DSP2                                          |    <0.001 |
|                 DSP3                                          |    <0.001 |
|                 DSP4                                          |    <0.001 |
|                 DSP5                                          |    <0.001 |
|                 DSP6                                          |    <0.001 |
|                 DSP7                                          |    <0.001 |
|                 DSP8                                          |    <0.001 |
|                 FULL_MAX_USAGE.DSP9                           |     0.002 |
|                 P_0_DEL                                       |    <0.001 |
|                   i_pipe                                      |    <0.001 |
|                 P_1_DEL                                       |    <0.001 |
|                   i_pipe                                      |    <0.001 |
|                 ZD0_DEL                                       |    <0.001 |
|                   i_pipe                                      |    <0.001 |
|                 ZD1_DEL                                       |    <0.001 |
|                   i_pipe                                      |    <0.001 |
|                 ZD2_DEL                                       |    <0.001 |
|                   i_pipe                                      |    <0.001 |
|             OP                                                |    <0.001 |
|             R_AND_R                                           |     0.001 |
|               LOGIC.R_AND_R                                   |     0.001 |
|                 DSP48_E1.DSP48E1_ADD.DSP48E1_ADD              |    <0.001 |
|                 DSP48_E1.DSP_LOGIC_ADDERS.RND_0               |    <0.001 |
|                 DSP48_E1.DSP_LOGIC_ADDERS.RND_1               |    <0.001 |
|                 RND_BIT_GEN                                   |    <0.001 |
|                   NORM_1_OR_0.STRUCT_REQ.GENERAL.RND1         |    <0.001 |
|   fft_dmul_64ns_64neOg_U7                                     |     0.012 |
|     fft_ap_dmul_4_max_dsp_64_u                                |     0.012 |
|       U0                                                      |     0.012 |
|         i_synth                                               |     0.012 |
|           MULT.OP                                             |     0.012 |
|             EXP                                               |    <0.001 |
|               COND_DET_A                                      |    <0.001 |
|                 MANT_CARRY.MANT_ALL_ZERO_DET                  |    <0.001 |
|                   CARRY_ZERO_DET                              |    <0.001 |
|               COND_DET_B                                      |    <0.001 |
|                 MANT_CARRY.MANT_ALL_ZERO_DET                  |    <0.001 |
|                   CARRY_ZERO_DET                              |    <0.001 |
|               EXP_ADD.C_CHAIN                                 |    <0.001 |
|               EXP_PRE_RND_DEL                                 |    <0.001 |
|                 i_pipe                                        |    <0.001 |
|               IP_SIGN_DELAY                                   |    <0.001 |
|                 i_pipe                                        |    <0.001 |
|               SIG_DELAY                                       |    <0.001 |
|                 i_pipe                                        |    <0.001 |
|               STATE_DELAY                                     |    <0.001 |
|                 i_pipe                                        |    <0.001 |
|             MULT                                              |     0.009 |
|               DSP48E1_SPD_DBL_VARIANT.FIX_MULT                |     0.009 |
|                 DSP0                                          |    <0.001 |
|                 DSP1                                          |    <0.001 |
|                 DSP2                                          |    <0.001 |
|                 DSP3                                          |    <0.001 |
|                 DSP4                                          |    <0.001 |
|                 DSP5                                          |    <0.001 |
|                 DSP6                                          |    <0.001 |
|                 DSP7                                          |    <0.001 |
|                 DSP8                                          |    <0.001 |
|                 FULL_MAX_USAGE.DSP9                           |     0.002 |
|                 P_0_DEL                                       |    <0.001 |
|                   i_pipe                                      |    <0.001 |
|                 P_1_DEL                                       |    <0.001 |
|                   i_pipe                                      |    <0.001 |
|                 ZD0_DEL                                       |    <0.001 |
|                   i_pipe                                      |    <0.001 |
|                 ZD1_DEL                                       |    <0.001 |
|                   i_pipe                                      |    <0.001 |
|                 ZD2_DEL                                       |    <0.001 |
|                   i_pipe                                      |    <0.001 |
|             OP                                                |    <0.001 |
|             R_AND_R                                           |     0.002 |
|               LOGIC.R_AND_R                                   |     0.002 |
|                 DSP48_E1.DSP48E1_ADD.DSP48E1_ADD              |     0.002 |
|                 DSP48_E1.DSP_LOGIC_ADDERS.RND_0               |    <0.001 |
|                 DSP48_E1.DSP_LOGIC_ADDERS.RND_1               |    <0.001 |
|                 RND_BIT_GEN                                   |    <0.001 |
|                   NORM_1_OR_0.STRUCT_REQ.GENERAL.RND1         |    <0.001 |
|   fft_dmul_64ns_64neOg_U8                                     |     0.011 |
|     fft_ap_dmul_4_max_dsp_64_u                                |     0.011 |
|       U0                                                      |     0.011 |
|         i_synth                                               |     0.011 |
|           MULT.OP                                             |     0.011 |
|             EXP                                               |    <0.001 |
|               COND_DET_A                                      |    <0.001 |
|                 MANT_CARRY.MANT_ALL_ZERO_DET                  |    <0.001 |
|                   CARRY_ZERO_DET                              |    <0.001 |
|               COND_DET_B                                      |    <0.001 |
|                 MANT_CARRY.MANT_ALL_ZERO_DET                  |    <0.001 |
|                   CARRY_ZERO_DET                              |    <0.001 |
|               EXP_ADD.C_CHAIN                                 |    <0.001 |
|               EXP_PRE_RND_DEL                                 |    <0.001 |
|                 i_pipe                                        |    <0.001 |
|               IP_SIGN_DELAY                                   |    <0.001 |
|                 i_pipe                                        |    <0.001 |
|               SIG_DELAY                                       |    <0.001 |
|                 i_pipe                                        |    <0.001 |
|               STATE_DELAY                                     |    <0.001 |
|                 i_pipe                                        |    <0.001 |
|             MULT                                              |     0.009 |
|               DSP48E1_SPD_DBL_VARIANT.FIX_MULT                |     0.009 |
|                 DSP0                                          |    <0.001 |
|                 DSP1                                          |    <0.001 |
|                 DSP2                                          |    <0.001 |
|                 DSP3                                          |    <0.001 |
|                 DSP4                                          |    <0.001 |
|                 DSP5                                          |    <0.001 |
|                 DSP6                                          |    <0.001 |
|                 DSP7                                          |    <0.001 |
|                 DSP8                                          |    <0.001 |
|                 FULL_MAX_USAGE.DSP9                           |     0.002 |
|                 P_0_DEL                                       |    <0.001 |
|                   i_pipe                                      |    <0.001 |
|                 P_1_DEL                                       |    <0.001 |
|                   i_pipe                                      |    <0.001 |
|                 ZD0_DEL                                       |    <0.001 |
|                   i_pipe                                      |    <0.001 |
|                 ZD1_DEL                                       |    <0.001 |
|                   i_pipe                                      |    <0.001 |
|                 ZD2_DEL                                       |    <0.001 |
|                   i_pipe                                      |    <0.001 |
|             OP                                                |    <0.001 |
|             R_AND_R                                           |     0.001 |
|               LOGIC.R_AND_R                                   |     0.001 |
|                 DSP48_E1.DSP48E1_ADD.DSP48E1_ADD              |    <0.001 |
|                 DSP48_E1.DSP_LOGIC_ADDERS.RND_0               |    <0.001 |
|                 DSP48_E1.DSP_LOGIC_ADDERS.RND_1               |    <0.001 |
|                 RND_BIT_GEN                                   |    <0.001 |
|                   NORM_1_OR_0.STRUCT_REQ.GENERAL.RND1         |    <0.001 |
|   fft_dsub_64ns_64ndEe_U4                                     |     0.006 |
|     fft_ap_dsub_3_full_dsp_64_u                               |     0.006 |
|       U0                                                      |     0.006 |
|         i_synth                                               |     0.006 |
|           ADDSUB_OP.ADDSUB                                    |     0.006 |
|             SPEED_OP.LOGIC.OP                                 |     0.006 |
|               ALIGN_BLK                                       |     0.001 |
|                 ALIGN_SHIFT                                   |    <0.001 |
|                   ALIGN_Z_D                                   |    <0.001 |
|                     EQ_ZERO                                   |    <0.001 |
|                       CARRY_ZERO_DET                          |    <0.001 |
|                 FRAC_ADDSUB                                   |    <0.001 |
|                   DSP_ADD.FRAC_ADDSUB                         |    <0.001 |
|                     DSP48E1_ADD.DSP48E1_ADD                   |    <0.001 |
|                     DSP48E1_GEN.DSP48E1_DEL                   |    <0.001 |
|                     LOGIC_ADD.ADD_0                           |    <0.001 |
|                     LOGIC_ADD.ADD_1                           |    <0.001 |
|                 ZERO_DEL                                      |    <0.001 |
|                   i_pipe                                      |    <0.001 |
|               ALIGN_DIST_0_DEL                                |    <0.001 |
|                 i_pipe                                        |    <0.001 |
|               A_IP_DELAY                                      |     0.001 |
|                 i_pipe                                        |     0.001 |
|               B_IP_DELAY                                      |    <0.001 |
|                 i_pipe                                        |    <0.001 |
|               EXP                                             |     0.002 |
|                 A_EXP_DELAY                                   |    <0.001 |
|                   i_pipe                                      |    <0.001 |
|                 A_SIGN_DELAY                                  |    <0.001 |
|                   i_pipe                                      |    <0.001 |
|                 BMA_EXP_DELAY                                 |    <0.001 |
|                   i_pipe                                      |    <0.001 |
|                 B_EXP_DELAY                                   |    <0.001 |
|                   i_pipe                                      |    <0.001 |
|                 B_SIGN_DELAY                                  |    <0.001 |
|                   i_pipe                                      |    <0.001 |
|                 CANCELLATION_DELAY                            |    <0.001 |
|                   i_pipe                                      |    <0.001 |
|                 COND_DET_A                                    |    <0.001 |
|                   EXP_DET_LUT.EXP_ALL_ONE_DEL                 |    <0.001 |
|                     i_pipe                                    |    <0.001 |
|                   EXP_DET_LUT.EXP_ALL_ZERO_DEL                |    <0.001 |
|                     i_pipe                                    |    <0.001 |
|                   MANT_CARRY.MANT_ALL_ZERO_DET                |    <0.001 |
|                     CARRY_ZERO_DET                            |    <0.001 |
|                 COND_DET_B                                    |    <0.001 |
|                   EXP_DET_LUT.EXP_ALL_ONE_DEL                 |    <0.001 |
|                     i_pipe                                    |    <0.001 |
|                   EXP_DET_LUT.EXP_ALL_ZERO_DEL                |    <0.001 |
|                     i_pipe                                    |    <0.001 |
|                   MANT_CARRY.MANT_ALL_ZERO_DET                |    <0.001 |
|                     CARRY_ZERO_DET                            |    <0.001 |
|                 DET_SIGN_DELAY                                |    <0.001 |
|                   i_pipe                                      |    <0.001 |
|                 EXP_OFF.LRG_EXP_DELAY                         |    <0.001 |
|                   i_pipe                                      |    <0.001 |
|                 EXP_OFF.LRG_OVER_NORMAL.LRG_ALMOST_OVER_DELAY |    <0.001 |
|                   i_pipe                                      |    <0.001 |
|                 EXP_OFF.STRUCT_ADD                            |    <0.001 |
|                 NORMAL_NORM_DIST.ADD_MANT_DELAY               |    <0.001 |
|                   i_pipe                                      |    <0.001 |
|                 NUMB_CMP                                      |    <0.001 |
|                   FAST_CMP.CMP_BOT                            |    <0.001 |
|                     C_CHAIN                                   |    <0.001 |
|                   FAST_CMP.CMP_EQ_TOP                         |    <0.001 |
|                     WIDE_AND                                  |    <0.001 |
|                   FAST_CMP.CMP_TOP                            |    <0.001 |
|                     C_CHAIN                                   |    <0.001 |
|                 STATE_DELAY                                   |    <0.001 |
|                   i_pipe                                      |    <0.001 |
|                 SUB_DELAY                                     |    <0.001 |
|                   i_pipe                                      |    <0.001 |
|               NORM                                            |     0.001 |
|                 LZE                                           |    <0.001 |
|                   ENCODE[0].DIST_DEL                          |    <0.001 |
|                     i_pipe                                    |    <0.001 |
|                   ENCODE[1].DIST_DEL                          |    <0.001 |
|                     i_pipe                                    |    <0.001 |
|                   TWO.DIST_DEL                                |    <0.001 |
|                     i_pipe                                    |    <0.001 |
|                   ZERO_DET_CC_1                               |    <0.001 |
|                   ZERO_DET_CC_2.CC                            |    <0.001 |
|                 NORM_SHIFT                                    |    <0.001 |
|                   MUX_LOOP[2].DEL_SHIFT                       |    <0.001 |
|                     i_pipe                                    |    <0.001 |
|                 ROUND                                         |    <0.001 |
|                   DSP48_E1.DSP48E1_ADD.DSP48E1_ADD            |    <0.001 |
|                   DSP48_E1.DSP_LOGIC_ADDERS.RND_0             |    <0.001 |
|                   DSP48_E1.DSP_LOGIC_ADDERS.RND_1             |    <0.001 |
|                   RND_BIT_GEN                                 |    <0.001 |
|                     NORM_1_OR_0.STRUCT_REQ.SPECIAL.RND_CHAIN  |    <0.001 |
|                 ZEROS_DELAY                                   |    <0.001 |
|                   i_pipe                                      |    <0.001 |
+---------------------------------------------------------------+-----------+


